// Jest Snapshot v1, https://goo.gl/fbAQLP

exports[`<Main /> should render the heading 1`] = `
<main
  class="mainstyles__Wrapper-ikEpiP hPgzrk"
>
  <img
    alt="Imagem de um átomo e React Avançado escrito ao lado."
    class="mainstyles__Logo-bTcZJv ctUzUz"
    src="/img/logo.svg"
  />
  <h1
    class="mainstyles__Title-llwSrw kZrEiE"
  >
    React Avançado
  </h1>
  <h2
    class="mainstyles__Description-joLNge FnQpa"
  >
    TypeScript, ReactJS, NextJS e Styled Components
  </h2>
  <img
    alt="Um desenvolvedor de frente para uma tela com código."
    class="mainstyles__Illustration-kobyzQ gpyygt"
    src="/img/hero-illustration.svg"
  />
</main>
`
